直立 (Upright)
タロットリーディングを進める
{count}枚のカードを引いてください